// Vitest Snapshot v1, https://vitest.dev/guide/snapshot.html

exports[`RTLPanel > without query parameter > renders 1`] = `
<div>
  hello
</div>
`;
